// Jest Snapshot v1, https://goo.gl/fbAQLP

exports[`An Avatar can be rendered 1`] = `
<div
  css="
  & img {
    width: 96px;
    height: 96px;
    border-radius: 50%;
  }
"
/>
`;
